// Vitest Snapshot v1, https://vitest.dev/guide/snapshot.html

exports[`<MyCounter /> > should match snapshot 1`] = `
"<section value="5">
  <h3> Counter: 5</h3>
  <h3 data-testid="squareCounter"> Square: 25</h3>
  <div><button class="p-5 bg-blue-500 rounded mr-2 hover:bg-blue-700 text-white">+1</button><button class="p-5 bg-blue-500 rounded mr-2 hover:bg-blue-700 text-white">-1</button></div>
</section>"
`;
